// Jest Snapshot v1, https://goo.gl/fbAQLP

exports[`should render expense list item 1`] = `
<div
  className="expense"
>
  <Link
    replace={false}
    to="/edit/undefined"
  >
    <h3 />
  </Link>
   - 
</div>
`;
